let div ~children  () = children
module Test =
  struct
    external makeProps :
      a:'a -> b:'b -> ?key:'key -> unit -> < a :'a ;b :'b  > Js.t = ""
    [@@bs.obj ]
    let make =
      let Test (Props : < a :'a ;b :'b  > Js.t) =
        let a = ## Props a in
        let b = ## Props b in
        print_endline (a ^ b);
        print_endline "This function should be named `Test`";
        ReactDOMRe.createElement "div" [||] in
      Test
  end
